15:01:49 launched jac_spo0.1_s0 (w=1)
15:01:49 launched jac_spo0.3_s0 (w=1)
15:01:49 launched jac_spo1_s0 (w=1)
15:01:49 launched jac_ctrl_s0 (w=1)
15:29:24 launched jac_ctrl_s1 (w=1)
15:56:47 finished jac_ctrl_s1 rc=0
15:56:47 launched jac_ctrl_s2 (w=1)
16:24:10 finished jac_ctrl_s2 rc=0
16:27:10 lambda* = 0.1 ({0.1: 0.112139570532835, 0.3: 0.11230422234927985, 1.0: 0.11310394067498196})
16:27:10 launched jac_spo0.1_s1 (w=1)
16:27:10 launched jac_spo0.1_s2 (w=1)
16:27:10 launched eval_jac_ctrl_s0 (w=2)
16:27:30 finished eval_jac_ctrl_s0 rc=1
16:27:30 launched eval_jac_ctrl_s1 (w=2)
16:27:50 finished eval_jac_ctrl_s1 rc=1
16:27:50 launched eval_jac_ctrl_s2 (w=2)
16:49:53 finished eval_jac_ctrl_s2 rc=0
16:49:53 launched eval_jac_ctrl_s0 (w=2)
17:11:56 finished eval_jac_ctrl_s0 rc=0
17:11:56 launched eval_jac_ctrl_s1 (w=2)
17:34:19 finished eval_jac_ctrl_s1 rc=0
17:34:19 launched eval_jac_spo0.1_s0 (w=2)
17:50:01 finished jac_spo0.1_s2 rc=0
17:50:01 launched dec_ctrl_s0 (w=1)
17:50:21 finished jac_spo0.1_s1 rc=0
17:50:21 launched dec_ctrl_s1 (w=1)
17:53:11 Phase 3 (DEC ctrl/SPO+), EM-prior and Phase 4 cancelled by user decision; dec_ctrl_s0/s1 killed at ~step 200
17:53:21 finished dec_ctrl_s0 rc=-15
17:53:21 finished dec_ctrl_s1 rc=-15
17:53:21 launched eval_jac_spo0.1_s1 (w=2)
17:56:22 finished eval_jac_spo0.1_s0 rc=0
17:56:22 launched eval_jac_spo0.1_s2 (w=2)
18:16:24 finished eval_jac_spo0.1_s1 rc=0
18:19:04 finished eval_jac_spo0.1_s2 rc=0
18:19:04 scheduler done (3.26 h)
