SR_t0.05_fixednorm N=5 done (3s)
SR_t0.05_fixednorm N=10 done (3s)
SR_t0.05_fixednorm N=20 done (4s)
SR_t0.05_fixednorm N=50 done (5s)
SR_t0.05_fixednorm N=100 done (6s)
SR_t0.05_fixednorm N=200 done (8s)
SR_t0.05_fixednorm N=500 done (13s)
predict stage done 13.004601001739502
  [SR_t0.05_fixednorm] worker0 20/300 (20s)
  [SR_t0.05_fixednorm] worker0 40/300 (39s)
  [SR_t0.05_fixednorm] worker0 60/300 (59s)
  [SR_t0.05_fixednorm] worker0 80/300 (78s)
  [SR_t0.05_fixednorm] worker0 100/300 (97s)
  [SR_t0.05_fixednorm] worker0 120/300 (117s)
  [SR_t0.05_fixednorm] worker0 140/300 (136s)
  [SR_t0.05_fixednorm] worker0 160/300 (156s)
  [SR_t0.05_fixednorm] worker0 180/300 (176s)
  [SR_t0.05_fixednorm] worker0 200/300 (196s)
  [SR_t0.05_fixednorm] worker0 220/300 (215s)
  [SR_t0.05_fixednorm] worker0 240/300 (234s)
  [SR_t0.05_fixednorm] worker0 260/300 (254s)
  [SR_t0.05_fixednorm] worker0 280/300 (274s)
  [SR_t0.05_fixednorm] worker0 300/300 (293s)
SR_t0.05_fixednorm: solved 12600 LPs in 302s; max OpenSpiel violation 1.52e-11; LP failures 0
SR_t0.05_fixednorm           val regret (mean over N, eps>0) = 0.1776  by eps: 0.05: 0.1318, 0.1: 0.1678, 0.2: 0.2333  best step 5750
SELECTED: SR_t0.05_fixednorm
