SR_t0.01 N=5 done (2s)
SR_t0.01 N=10 done (2s)
SR_t0.01 N=20 done (3s)
SR_t0.01 N=50 done (3s)
SR_t0.01 N=100 done (4s)
SR_t0.01 N=200 done (5s)
SR_t0.01 N=500 done (7s)
SR_t0.05 N=5 done (7s)
SR_t0.05 N=10 done (8s)
SR_t0.05 N=20 done (8s)
SR_t0.05 N=50 done (9s)
SR_t0.05 N=100 done (9s)
SR_t0.05 N=200 done (10s)
SR_t0.05 N=500 done (12s)
SR_t0.10 N=5 done (13s)
SR_t0.10 N=10 done (13s)
SR_t0.10 N=20 done (13s)
SR_t0.10 N=50 done (14s)
SR_t0.10 N=100 done (14s)
SR_t0.10 N=200 done (15s)
SR_t0.10 N=500 done (17s)
SR_const1e-4 N=5 done (18s)
SR_const1e-4 N=10 done (18s)
SR_const1e-4 N=20 done (18s)
SR_const1e-4 N=50 done (19s)
SR_const1e-4 N=100 done (19s)
SR_const1e-4 N=200 done (20s)
SR_const1e-4 N=500 done (22s)
predict stage done 22.320510387420654
  [SR_t0.01] worker0 20/150 (19s)
  [SR_t0.01] worker0 40/150 (38s)
  [SR_t0.01] worker0 60/150 (57s)
  [SR_t0.01] worker0 80/150 (75s)
  [SR_t0.01] worker0 100/150 (93s)
  [SR_t0.01] worker0 120/150 (112s)
  [SR_t0.01] worker0 140/150 (130s)
SR_t0.01: solved 12600 LPs in 145s; max OpenSpiel violation 3.54e-11; LP failures 0
  [SR_t0.05] worker0 20/150 (18s)
  [SR_t0.05] worker0 40/150 (36s)
  [SR_t0.05] worker0 60/150 (53s)
  [SR_t0.05] worker0 80/150 (70s)
  [SR_t0.05] worker0 100/150 (87s)
  [SR_t0.05] worker0 120/150 (105s)
  [SR_t0.05] worker0 140/150 (122s)
SR_t0.05: solved 12600 LPs in 135s; max OpenSpiel violation 8.11e-12; LP failures 0
  [SR_t0.10] worker0 20/150 (18s)
  [SR_t0.10] worker0 40/150 (35s)
  [SR_t0.10] worker0 60/150 (52s)
  [SR_t0.10] worker0 80/150 (69s)
  [SR_t0.10] worker0 100/150 (87s)
  [SR_t0.10] worker0 120/150 (104s)
  [SR_t0.10] worker0 140/150 (122s)
SR_t0.10: solved 12600 LPs in 132s; max OpenSpiel violation 1.60e-11; LP failures 0
  [SR_const1e-4] worker0 20/150 (18s)
  [SR_const1e-4] worker0 40/150 (36s)
  [SR_const1e-4] worker0 60/150 (53s)
  [SR_const1e-4] worker0 80/150 (71s)
  [SR_const1e-4] worker0 100/150 (88s)
  [SR_const1e-4] worker0 120/150 (105s)
  [SR_const1e-4] worker0 140/150 (122s)
SR_const1e-4: solved 12600 LPs in 134s; max OpenSpiel violation 7.62e-12; LP failures 0
SR_t0.01                     val regret (mean over N, eps>0) = 0.1727  by eps: 0.05: 0.1216, 0.1: 0.1642, 0.2: 0.2323  best step 5750
SR_t0.05                     val regret (mean over N, eps>0) = 0.1959  by eps: 0.05: 0.1433, 0.1: 0.1803, 0.2: 0.2642  best step 3250
SR_t0.10                     val regret (mean over N, eps>0) = 0.2191  by eps: 0.05: 0.1645, 0.1: 0.2021, 0.2: 0.2907  best step -1
SR_const1e-4                 val regret (mean over N, eps>0) = 0.2119  by eps: 0.05: 0.1582, 0.1: 0.1992, 0.2: 0.2784  best step 2000
SELECTED: SR_t0.01
